[www.tutorialesprogramacionya.com/bootstrap5ya/index2904.html]
[backblue.gif]
[fade.gif]
[index.html]
[www.google-analytics.com/analytics.js]
[pagead2.googlesyndication.com/pagead/js/f.txt]
[www.tutorialesprogramacionya.com/bootstrap5ya/detalleconcepto0ec9.html]
[www.tutorialesprogramacionya.com/bootstrap5ya/detalleconcepto3ad5.html]
[www.tutorialesprogramacionya.com/bootstrap5ya/detalleconcepto2ac2.html]
[www.tutorialesprogramacionya.com/bootstrap5ya/detalleconceptobb8b.html]
[www.tutorialesprogramacionya.com/bootstrap5ya/detalleconcepto928a.html]
[www.tutorialesprogramacionya.com/bootstrap5ya/detalleconcepto8da3.html]
[www.tutorialesprogramacionya.com/bootstrap5ya/detalleconcepto28e5.html]
[www.tutorialesprogramacionya.com/bootstrap5ya/detalleconcepto2637.html]
[www.tutorialesprogramacionya.com/bootstrap5ya/detalleconcepto9c17.html]
[www.tutorialesprogramacionya.com/bootstrap5ya/detalleconcepto8b10.html]
[www.tutorialesprogramacionya.com/bootstrap5ya/detalleconcepto476b.html]
[www.tutorialesprogramacionya.com/bootstrap5ya/detalleconcepto0c30.html]
[www.tutorialesprogramacionya.com/bootstrap5ya/detalleconcepto2cf8.html]
[www.tutorialesprogramacionya.com/bootstrap5ya/detalleconceptobbdb.html]
[www.tutorialesprogramacionya.com/bootstrap5ya/detalleconcepto07ca.html]
[www.tutorialesprogramacionya.com/bootstrap5ya/detalleconcepto39ca.html]
[www.tutorialesprogramacionya.com/bootstrap5ya/detalleconcepto0e98.html]
[www.tutorialesprogramacionya.com/bootstrap5ya/detalleconceptoc721.html]
[www.tutorialesprogramacionya.com/bootstrap5ya/detalleconceptod9b8.html]
[www.tutorialesprogramacionya.com/bootstrap5ya/detalleconceptodedb.html]
[www.tutorialesprogramacionya.com/bootstrap5ya/index28fa.html]
[www.tutorialesprogramacionya.com/bootstrap5ya/index1e61.html]
[www.tutorialesprogramacionya.com/bootstrap5ya/index2904.html]
[www.tutorialesprogramacionya.com/css/bootstrap.min.css]
[www.tutorialesprogramacionya.com/bootstrap5ya/estilos.css]
[www.tutorialesprogramacionya.com/bootstrap5ya/indexd6cc.html]
[www.tutorialesprogramacionya.com/bootstrap5ya/detalleconcepto0ec9.html]
[www.tutorialesprogramacionya.com/bootstrap5ya/ejecutar822d.html]
[www.tutorialesprogramacionya.com/bootstrap5ya/detalleconcepto3ad5.html]
[www.tutorialesprogramacionya.com/bootstrap5ya/ejecutar1dcb.html]
[www.tutorialesprogramacionya.com/bootstrap5ya/imagentema/foto001.jpg]
[www.tutorialesprogramacionya.com/bootstrap5ya/imagentema/foto002.jpg]
[www.tutorialesprogramacionya.com/bootstrap5ya/imagentema/foto003.jpg]
[www.tutorialesprogramacionya.com/bootstrap5ya/imagentema/foto004.jpg]
[www.tutorialesprogramacionya.com/bootstrap5ya/imagentema/foto005.jpg]
[www.tutorialesprogramacionya.com/bootstrap5ya/detalleconcepto2ac2.html]
[www.tutorialesprogramacionya.com/bootstrap5ya/ejecutar930c.html]
[www.tutorialesprogramacionya.com/bootstrap5ya/imagentema/foto006b.jpg]
[www.tutorialesprogramacionya.com/bootstrap5ya/imagentema/foto006.jpg]
[www.tutorialesprogramacionya.com/bootstrap5ya/imagentema/foto007.jpg]
[www.tutorialesprogramacionya.com/bootstrap5ya/imagentema/foto008.jpg]
[www.tutorialesprogramacionya.com/bootstrap5ya/imagentema/foto009.jpg]
[www.tutorialesprogramacionya.com/bootstrap5ya/imagentema/foto010.jpg]
[www.tutorialesprogramacionya.com/bootstrap5ya/detalleconceptobb8b.html]
[www.tutorialesprogramacionya.com/bootstrap5ya/ejecutar4b05.html]
[www.tutorialesprogramacionya.com/bootstrap5ya/imagentema/foto011.jpg]
[www.tutorialesprogramacionya.com/bootstrap5ya/imagentema/foto012.jpg]
[www.tutorialesprogramacionya.com/bootstrap5ya/detalleconcepto928a.html]
[www.tutorialesprogramacionya.com/bootstrap5ya/ejecutar6e1a.html]
[www.tutorialesprogramacionya.com/bootstrap5ya/imagentema/foto013.jpg]
[www.tutorialesprogramacionya.com/bootstrap5ya/imagentema/foto014.jpg]
[www.tutorialesprogramacionya.com/bootstrap5ya/imagentema/foto015.jpg]
[www.tutorialesprogramacionya.com/bootstrap5ya/imagentema/foto016.jpg]
[www.tutorialesprogramacionya.com/bootstrap5ya/detalleconcepto8da3.html]
[www.tutorialesprogramacionya.com/bootstrap5ya/ejecutar17db.html]
[www.tutorialesprogramacionya.com/bootstrap5ya/imagentema/foto017.jpg]
[www.tutorialesprogramacionya.com/bootstrap5ya/imagentema/foto018.jpg]
[www.tutorialesprogramacionya.com/bootstrap5ya/imagentema/foto019.jpg]
[www.tutorialesprogramacionya.com/bootstrap5ya/imagentema/foto020.jpg]
[www.tutorialesprogramacionya.com/bootstrap5ya/detalleconcepto28e5.html]
[www.tutorialesprogramacionya.com/bootstrap5ya/ejecutar2e27.html]
[www.tutorialesprogramacionya.com/bootstrap5ya/imagentema/foto021.jpg]
[www.tutorialesprogramacionya.com/bootstrap5ya/detalleconcepto2637.html]
[www.tutorialesprogramacionya.com/bootstrap5ya/ejecutarba0d.html]
[www.tutorialesprogramacionya.com/bootstrap5ya/imagentema/foto022.jpg]
[www.tutorialesprogramacionya.com/bootstrap5ya/detalleconcepto9c17.html]
[www.tutorialesprogramacionya.com/bootstrap5ya/ejecutare954.html]
[www.tutorialesprogramacionya.com/bootstrap5ya/imagentema/foto023.jpg]
[www.tutorialesprogramacionya.com/bootstrap5ya/detalleconcepto8b10.html]
[www.tutorialesprogramacionya.com/bootstrap5ya/ejecutarada0.html]
[www.tutorialesprogramacionya.com/bootstrap5ya/imagentema/foto024.jpg]
[www.tutorialesprogramacionya.com/bootstrap5ya/imagentema/foto025.jpg]
[www.tutorialesprogramacionya.com/bootstrap5ya/detalleconcepto476b.html]
[www.tutorialesprogramacionya.com/bootstrap5ya/ejecutar0745.html]
[www.tutorialesprogramacionya.com/bootstrap5ya/imagentema/foto026.jpg]
[www.tutorialesprogramacionya.com/bootstrap5ya/detalleconcepto0c30.html]
[www.tutorialesprogramacionya.com/bootstrap5ya/ejecutarcca2.html]
[www.tutorialesprogramacionya.com/bootstrap5ya/imagentema/foto027.jpg]
[www.tutorialesprogramacionya.com/bootstrap5ya/imagentema/foto028.jpg]
[www.tutorialesprogramacionya.com/bootstrap5ya/detalleconcepto2cf8.html]
[www.tutorialesprogramacionya.com/bootstrap5ya/ejecutard122.html]
[www.tutorialesprogramacionya.com/bootstrap5ya/imagentema/foto029.jpg]
[www.tutorialesprogramacionya.com/bootstrap5ya/detalleconceptobbdb.html]
[www.tutorialesprogramacionya.com/bootstrap5ya/ejecutarad6f.html]
[www.tutorialesprogramacionya.com/bootstrap5ya/imagentema/foto030.jpg]
[www.tutorialesprogramacionya.com/bootstrap5ya/imagentema/foto031.jpg]
[www.tutorialesprogramacionya.com/bootstrap5ya/detalleconcepto07ca.html]
[www.tutorialesprogramacionya.com/bootstrap5ya/ejecutar0407.html]
[www.tutorialesprogramacionya.com/bootstrap5ya/imagentema/foto032.jpg]
[www.tutorialesprogramacionya.com/bootstrap5ya/imagentema/foto033.jpg]
[www.tutorialesprogramacionya.com/bootstrap5ya/detalleconcepto39ca.html]
[www.tutorialesprogramacionya.com/bootstrap5ya/ejecutar5bd3.html]
[www.tutorialesprogramacionya.com/bootstrap5ya/imagentema/foto034.jpg]
[www.tutorialesprogramacionya.com/bootstrap5ya/detalleconcepto0e98.html]
[www.tutorialesprogramacionya.com/bootstrap5ya/ejecutar1c31.html]
[www.tutorialesprogramacionya.com/bootstrap5ya/imagentema/foto035.jpg]
[www.tutorialesprogramacionya.com/bootstrap5ya/detalleconceptoc721.html]
[www.tutorialesprogramacionya.com/bootstrap5ya/ejecutarda77.html]
[www.tutorialesprogramacionya.com/bootstrap5ya/imagentema/foto036.jpg]
[www.tutorialesprogramacionya.com/bootstrap5ya/detalleconceptod9b8.html]
[www.tutorialesprogramacionya.com/bootstrap5ya/ejecutarf074.html]
[www.tutorialesprogramacionya.com/bootstrap5ya/imagentema/foto037.jpg]
[www.tutorialesprogramacionya.com/bootstrap5ya/detalleconceptodedb.html]
[www.tutorialesprogramacionya.com/bootstrap5ya/ejecutara9cb.html]
[www.tutorialesprogramacionya.com/bootstrap5ya/detalleconcepto22c2.html]
[www.tutorialesprogramacionya.com/bootstrap5ya/detalleconcepto9aaa.html]
[www.tutorialesprogramacionya.com/bootstrap5ya/detalleconceptoc48b.html]
[www.tutorialesprogramacionya.com/bootstrap5ya/detalleconcepto305f.html]
[www.tutorialesprogramacionya.com/bootstrap5ya/detalleconcepto6ca2.html]
[www.tutorialesprogramacionya.com/bootstrap5ya/detalleconcepto1a63.html]
[www.tutorialesprogramacionya.com/bootstrap5ya/detalleconceptoda25.html]
[www.tutorialesprogramacionya.com/bootstrap5ya/detalleconceptoe9c4.html]
[www.tutorialesprogramacionya.com/bootstrap5ya/detalleconcepto164e.html]
[www.tutorialesprogramacionya.com/bootstrap5ya/detalleconceptobbe4.html]
[www.tutorialesprogramacionya.com/bootstrap5ya/detalleconcepto73e1.html]
[www.tutorialesprogramacionya.com/bootstrap5ya/detalleconceptoffcc.html]
[www.tutorialesprogramacionya.com/bootstrap5ya/detalleconcepto34ad.html]
[www.tutorialesprogramacionya.com/bootstrap5ya/detalleconceptoba05.html]
[www.tutorialesprogramacionya.com/bootstrap5ya/detalleconcepto380c.html]
[www.tutorialesprogramacionya.com/bootstrap5ya/detalleconceptoc240.html]
[www.tutorialesprogramacionya.com/bootstrap5ya/detalleconceptocea4.html]
[www.tutorialesprogramacionya.com/bootstrap5ya/detalleconcepto3857.html]
[www.tutorialesprogramacionya.com/bootstrap5ya/detalleconcepto6d74.html]
[www.tutorialesprogramacionya.com/bootstrap5ya/index28fa.html]
[www.tutorialesprogramacionya.com/bootstrap5ya/detalleconcepto4234.html]
[www.tutorialesprogramacionya.com/bootstrap5ya/detalleconcepto3404.html]
[www.tutorialesprogramacionya.com/bootstrap5ya/detalleconcepto56e1.html]
[www.tutorialesprogramacionya.com/bootstrap5ya/detalleconcepto784c.html]
[www.tutorialesprogramacionya.com/bootstrap5ya/detalleconcepto1b45.html]
[www.tutorialesprogramacionya.com/bootstrap5ya/detalleconceptoa293.html]
[www.tutorialesprogramacionya.com/bootstrap5ya/detalleconceptoddf5.html]
[www.tutorialesprogramacionya.com/bootstrap5ya/detalleconcepto7053.html]
[www.tutorialesprogramacionya.com/bootstrap5ya/detalleconcepto8493.html]
[www.tutorialesprogramacionya.com/bootstrap5ya/detalleconceptod815.html]
[www.tutorialesprogramacionya.com/bootstrap5ya/detalleconcepto2b28.html]
[www.tutorialesprogramacionya.com/bootstrap5ya/detalleconceptofc6e.html]
[www.tutorialesprogramacionya.com/bootstrap5ya/detalleconceptoc63f.html]
[www.tutorialesprogramacionya.com/bootstrap5ya/detalleconcepto0ec4.html]
[www.tutorialesprogramacionya.com/bootstrap5ya/detalleconcepto6468.html]
[www.tutorialesprogramacionya.com/bootstrap5ya/detalleconcepto7758.html]
[www.tutorialesprogramacionya.com/bootstrap5ya/detalleconcepto9abf.html]
[www.tutorialesprogramacionya.com/bootstrap5ya/detalleconcepto9f58.html]
[www.tutorialesprogramacionya.com/bootstrap5ya/detalleconcepto5a88.html]
[www.tutorialesprogramacionya.com/bootstrap5ya/detalleconceptoc530.html]
[www.tutorialesprogramacionya.com/bootstrap5ya/index1e61.html]
[www.tutorialesprogramacionya.com/bootstrap5ya/detalleconceptob787.html]
[www.tutorialesprogramacionya.com/bootstrap5ya/detalleconceptob084.html]
[www.tutorialesprogramacionya.com/bootstrap5ya/detalleconceptoe288.html]
[www.tutorialesprogramacionya.com/bootstrap5ya/detalleconceptodc81.html]
[www.tutorialesprogramacionya.com/bootstrap5ya/detalleconceptoa9f9.html]
[www.tutorialesprogramacionya.com/bootstrap5ya/detalleconcepto10f0.html]
[www.tutorialesprogramacionya.com/bootstrap5ya/detalleconcepto22b8.html]
[www.tutorialesprogramacionya.com/bootstrap5ya/detalleconcepto8910.html]
[www.tutorialesprogramacionya.com/bootstrap5ya/detalleconcepto02e7.html]
[www.tutorialesprogramacionya.com/bootstrap5ya/detalleconcepto6a7b.html]
[www.tutorialesprogramacionya.com/bootstrap5ya/detalleconcepto4918.html]
[www.tutorialesprogramacionya.com/bootstrap5ya/detalleconcepto8aa2.html]
[www.tutorialesprogramacionya.com/bootstrap5ya/detalleconceptoe661.html]
[www.tutorialesprogramacionya.com/bootstrap5ya/detalleconcepto0f1b.html]
[www.tutorialesprogramacionya.com/bootstrap5ya/detalleconceptoe117.html]
[www.tutorialesprogramacionya.com/bootstrap5ya/detalleconcepto3e41.html]
[www.tutorialesprogramacionya.com/bootstrap5ya/indexd6cc.html]
[www.tutorialesprogramacionya.com/bootstrap5ya/detalleconceptoc9d8.html]
[ajax.googleapis.com/ajax/libs/jquery/1.7.1/jquery.min.js]
[ajax.googleapis.com/ajax/libs/jqueryui/1.8.16/jquery-ui.min.js]
[www.tutorialesprogramacionya.com/bootstrap5ya/ejecutar822d.html]
[cdn.jsdelivr.net/npm/bootstrap@5.0.0/dist/css/bootstrap.min.css]
[www.tutorialesprogramacionya.com/bootstrap5ya/ejecutar1dcb.html]
[www.tutorialesprogramacionya.com/bootstrap5ya/ejecutar930c.html]
[www.tutorialesprogramacionya.com/bootstrap5ya/ejecutar4b05.html]
[www.tutorialesprogramacionya.com/bootstrap5ya/ejecutar6e1a.html]
[www.tutorialesprogramacionya.com/bootstrap5ya/ejecutar17db.html]
[www.tutorialesprogramacionya.com/bootstrap5ya/ejecutar2e27.html]
[www.tutorialesprogramacionya.com/bootstrap5ya/ejecutarba0d.html]
[www.tutorialesprogramacionya.com/bootstrap5ya/ejecutare954.html]
[www.tutorialesprogramacionya.com/bootstrap5ya/ejecutarada0.html]
[www.tutorialesprogramacionya.com/bootstrap5ya/ejecutar0745.html]
[www.tutorialesprogramacionya.com/bootstrap5ya/ejecutarcca2.html]
[www.tutorialesprogramacionya.com/bootstrap5ya/ejecutard122.html]
[www.tutorialesprogramacionya.com/bootstrap5ya/ejecutarad6f.html]
[www.tutorialesprogramacionya.com/bootstrap5ya/ejecutar0407.html]
[www.tutorialesprogramacionya.com/bootstrap5ya/ejecutar5bd3.html]
[www.tutorialesprogramacionya.com/bootstrap5ya/ejecutar1c31.html]
[www.tutorialesprogramacionya.com/bootstrap5ya/ejecutarda77.html]
[www.tutorialesprogramacionya.com/bootstrap5ya/ejecutarf074.html]
[www.tutorialesprogramacionya.com/bootstrap5ya/ejecutara9cb.html]
[cdn.jsdelivr.net/npm/bootstrap@5.0.0/dist/js/bootstrap.bundle.min.js]
[www.tutorialesprogramacionya.com/bootstrap5ya/imagentema/foto038.jpg]
[www.tutorialesprogramacionya.com/bootstrap5ya/detalleconcepto22c2.html]
[www.tutorialesprogramacionya.com/bootstrap5ya/ejecutar9665.html]
[www.tutorialesprogramacionya.com/bootstrap5ya/imagentema/foto039.jpg]
[www.tutorialesprogramacionya.com/bootstrap5ya/detalleconcepto9aaa.html]
[www.tutorialesprogramacionya.com/bootstrap5ya/ejecutar5017.html]
[www.tutorialesprogramacionya.com/bootstrap5ya/imagentema/foto039b.jpg]
[www.tutorialesprogramacionya.com/bootstrap5ya/detalleconceptoc48b.html]
[www.tutorialesprogramacionya.com/bootstrap5ya/ejecutar5922.html]
[www.tutorialesprogramacionya.com/bootstrap5ya/imagentema/foto040.jpg]
[www.tutorialesprogramacionya.com/bootstrap5ya/detalleconcepto305f.html]
[www.tutorialesprogramacionya.com/bootstrap5ya/ejecutar4c7f.html]
[www.tutorialesprogramacionya.com/bootstrap5ya/imagentema/foto041.jpg]
[www.tutorialesprogramacionya.com/bootstrap5ya/imagentema/foto041b.jpg]
[www.tutorialesprogramacionya.com/bootstrap5ya/detalleconcepto6ca2.html]
[www.tutorialesprogramacionya.com/bootstrap5ya/ejecutar35c2.html]
[www.tutorialesprogramacionya.com/bootstrap5ya/imagentema/foto042.jpg]
[www.tutorialesprogramacionya.com/bootstrap5ya/detalleconcepto1a63.html]
[www.tutorialesprogramacionya.com/bootstrap5ya/ejecutar43d7.html]
[www.tutorialesprogramacionya.com/bootstrap5ya/imagentema/foto043.jpg]
[www.tutorialesprogramacionya.com/bootstrap5ya/imagentema/foto044.jpg]
[www.tutorialesprogramacionya.com/bootstrap5ya/imagentema/foto045.jpg]
[www.tutorialesprogramacionya.com/bootstrap5ya/detalleconceptoda25.html]
[www.tutorialesprogramacionya.com/bootstrap5ya/ejecutar24be.html]
[www.tutorialesprogramacionya.com/bootstrap5ya/imagentema/foto045b.jpg]
[www.tutorialesprogramacionya.com/bootstrap5ya/imagentema/foto045c.jpg]
[www.tutorialesprogramacionya.com/bootstrap5ya/imagentema/foto045d.jpg]
[www.tutorialesprogramacionya.com/bootstrap5ya/imagentema/foto045e.jpg]
[www.tutorialesprogramacionya.com/bootstrap5ya/detalleconceptoe9c4.html]
[www.tutorialesprogramacionya.com/bootstrap5ya/ejecutarb847.html]
[www.tutorialesprogramacionya.com/bootstrap5ya/imagentema/foto045f.jpg]
[www.tutorialesprogramacionya.com/bootstrap5ya/detalleconcepto164e.html]
[www.tutorialesprogramacionya.com/bootstrap5ya/ejecutar49bd.html]
[www.tutorialesprogramacionya.com/bootstrap5ya/imagentema/foto049.jpg]
[www.tutorialesprogramacionya.com/bootstrap5ya/detalleconceptobbe4.html]
[www.tutorialesprogramacionya.com/bootstrap5ya/ejecutar2195.html]
[www.tutorialesprogramacionya.com/bootstrap5ya/imagentema/foto048.jpg]
[www.tutorialesprogramacionya.com/bootstrap5ya/detalleconcepto73e1.html]
[www.tutorialesprogramacionya.com/bootstrap5ya/ejecutar0370.html]
[www.tutorialesprogramacionya.com/bootstrap5ya/imagentema/foto050.jpg]
[www.tutorialesprogramacionya.com/bootstrap5ya/detalleconceptoffcc.html]
[www.tutorialesprogramacionya.com/bootstrap5ya/ejecutard773.html]
[www.tutorialesprogramacionya.com/bootstrap5ya/imagentema/foto050b.jpg]
[www.tutorialesprogramacionya.com/bootstrap5ya/imagentema/foto050c.jpg]
[www.tutorialesprogramacionya.com/bootstrap5ya/detalleconcepto34ad.html]
[www.tutorialesprogramacionya.com/bootstrap5ya/ejecutardc19.html]
[www.tutorialesprogramacionya.com/bootstrap5ya/imagentema/foto050d.jpg]
[www.tutorialesprogramacionya.com/bootstrap5ya/imagentema/foto050e.jpg]
[www.tutorialesprogramacionya.com/bootstrap5ya/detalleconceptoba05.html]
[www.tutorialesprogramacionya.com/bootstrap5ya/ejecutard6a1.html]
[www.tutorialesprogramacionya.com/bootstrap5ya/imagentema/foto051.jpg]
[www.tutorialesprogramacionya.com/bootstrap5ya/imagentema/foto052.jpg]
[www.tutorialesprogramacionya.com/bootstrap5ya/detalleconcepto380c.html]
[www.tutorialesprogramacionya.com/bootstrap5ya/ejecutar27b0.html]
[www.tutorialesprogramacionya.com/bootstrap5ya/imagentema/foto053.jpg]
[www.tutorialesprogramacionya.com/bootstrap5ya/detalleconceptoc240.html]
[www.tutorialesprogramacionya.com/bootstrap5ya/ejecutarb30f.html]
[www.tutorialesprogramacionya.com/bootstrap5ya/imagentema/foto054.jpg]
[www.tutorialesprogramacionya.com/bootstrap5ya/detalleconceptocea4.html]
[www.tutorialesprogramacionya.com/bootstrap5ya/ejecutar22eb.html]
[www.tutorialesprogramacionya.com/bootstrap5ya/imagentema/foto055.jpg]
[www.tutorialesprogramacionya.com/bootstrap5ya/imagentema/foto056.jpg]
[www.tutorialesprogramacionya.com/bootstrap5ya/imagentema/foto057.jpg]
[www.tutorialesprogramacionya.com/bootstrap5ya/imagentema/foto057b.jpg]
[www.tutorialesprogramacionya.com/bootstrap5ya/detalleconcepto3857.html]
[www.tutorialesprogramacionya.com/bootstrap5ya/ejecutar671f.html]
[www.tutorialesprogramacionya.com/bootstrap5ya/imagentema/foto057c.jpg]
[www.tutorialesprogramacionya.com/bootstrap5ya/detalleconcepto6d74.html]
[www.tutorialesprogramacionya.com/bootstrap5ya/ejecutar3f7b.html]
[www.tutorialesprogramacionya.com/bootstrap5ya/imagentema/foto058.jpg]
[www.tutorialesprogramacionya.com/bootstrap5ya/imagentema/foto059.jpg]
[www.tutorialesprogramacionya.com/bootstrap5ya/imagentema/foto060.jpg]
[www.tutorialesprogramacionya.com/bootstrap5ya/imagentema/foto060b.jpg]
[www.tutorialesprogramacionya.com/bootstrap5ya/detalleconcepto4234.html]
[www.tutorialesprogramacionya.com/bootstrap5ya/ejecutard326.html]
[www.tutorialesprogramacionya.com/bootstrap5ya/imagentema/foto061.jpg]
[www.tutorialesprogramacionya.com/bootstrap5ya/imagentema/foto062.jpg]
[www.tutorialesprogramacionya.com/bootstrap5ya/imagentema/foto063.jpg]
[www.tutorialesprogramacionya.com/bootstrap5ya/imagentema/foto064.jpg]
[www.tutorialesprogramacionya.com/bootstrap5ya/detalleconcepto3404.html]
[www.tutorialesprogramacionya.com/bootstrap5ya/ejecutare0ad.html]
[www.tutorialesprogramacionya.com/bootstrap5ya/imagentema/foto065.jpg]
[www.tutorialesprogramacionya.com/bootstrap5ya/imagentema/foto066.jpg]
[www.tutorialesprogramacionya.com/bootstrap5ya/detalleconcepto56e1.html]
[www.tutorialesprogramacionya.com/bootstrap5ya/ejecutar25f4.html]
[www.tutorialesprogramacionya.com/bootstrap5ya/imagentema/foto067.jpg]
[www.tutorialesprogramacionya.com/bootstrap5ya/detalleconcepto784c.html]
[www.tutorialesprogramacionya.com/bootstrap5ya/ejecutar77c2.html]
[www.tutorialesprogramacionya.com/bootstrap5ya/imagentema/foto068.jpg]
[www.tutorialesprogramacionya.com/bootstrap5ya/imagentema/foto069.jpg]
[www.tutorialesprogramacionya.com/bootstrap5ya/detalleconcepto1b45.html]
[www.tutorialesprogramacionya.com/bootstrap5ya/ejecutarb776.html]
[www.tutorialesprogramacionya.com/bootstrap5ya/imagentema/foto071.jpg]
[www.tutorialesprogramacionya.com/bootstrap5ya/detalleconceptoa293.html]
[www.tutorialesprogramacionya.com/bootstrap5ya/ejecutarfb7f.html]
[www.tutorialesprogramacionya.com/bootstrap5ya/imagentema/foto072.jpg]
[www.tutorialesprogramacionya.com/bootstrap5ya/detalleconceptoddf5.html]
[www.tutorialesprogramacionya.com/bootstrap5ya/ejecutara663.html]
[www.tutorialesprogramacionya.com/bootstrap5ya/imagentema/foto075.jpg]
[www.tutorialesprogramacionya.com/bootstrap5ya/detalleconcepto7053.html]
[www.tutorialesprogramacionya.com/bootstrap5ya/ejecutar72e6.html]
[www.tutorialesprogramacionya.com/bootstrap5ya/imagentema/foto076.jpg]
[www.tutorialesprogramacionya.com/bootstrap5ya/imagentema/foto079.jpg]
[www.tutorialesprogramacionya.com/bootstrap5ya/imagentema/foto080.jpg]
[www.tutorialesprogramacionya.com/bootstrap5ya/detalleconcepto8493.html]
[www.tutorialesprogramacionya.com/bootstrap5ya/ejecutar251b.html]
[www.tutorialesprogramacionya.com/bootstrap5ya/imagentema/foto077.jpg]
[www.tutorialesprogramacionya.com/bootstrap5ya/imagentema/foto078.jpg]
[www.tutorialesprogramacionya.com/bootstrap5ya/detalleconceptod815.html]
[www.tutorialesprogramacionya.com/bootstrap5ya/ejecutareeea.html]
[www.tutorialesprogramacionya.com/bootstrap5ya/imagentema/foto081.jpg]
[www.tutorialesprogramacionya.com/bootstrap5ya/detalleconcepto2b28.html]
[www.tutorialesprogramacionya.com/bootstrap5ya/ejecutar94e8.html]
[www.tutorialesprogramacionya.com/bootstrap5ya/imagentema/foto082.jpg]
[www.tutorialesprogramacionya.com/bootstrap5ya/imagentema/foto083.jpg]
[www.tutorialesprogramacionya.com/bootstrap5ya/detalleconceptofc6e.html]
[www.tutorialesprogramacionya.com/bootstrap5ya/ejecutar2309.html]
[www.tutorialesprogramacionya.com/bootstrap5ya/imagentema/foto084.jpg]
[www.tutorialesprogramacionya.com/bootstrap5ya/detalleconceptoc63f.html]
[www.tutorialesprogramacionya.com/bootstrap5ya/ejecutar823b.html]
[www.tutorialesprogramacionya.com/bootstrap5ya/imagentema/foto084b.jpg]
[www.tutorialesprogramacionya.com/bootstrap5ya/imagentema/foto084c.jpg]
[www.tutorialesprogramacionya.com/bootstrap5ya/detalleconcepto0ec4.html]
[www.tutorialesprogramacionya.com/bootstrap5ya/ejecutar4713.html]
[www.tutorialesprogramacionya.com/bootstrap5ya/imagentema/foto087.jpg]
[www.tutorialesprogramacionya.com/bootstrap5ya/imagentema/foto087b.jpg]
[www.tutorialesprogramacionya.com/bootstrap5ya/imagentema/foto088.jpg]
[www.tutorialesprogramacionya.com/bootstrap5ya/detalleconcepto6468.html]
[www.tutorialesprogramacionya.com/bootstrap5ya/ejecutardb38.html]
[www.tutorialesprogramacionya.com/bootstrap5ya/imagentema/foto089.jpg]
[www.tutorialesprogramacionya.com/bootstrap5ya/imagentema/foto089b.jpg]
[www.tutorialesprogramacionya.com/bootstrap5ya/detalleconcepto7758.html]
[www.tutorialesprogramacionya.com/bootstrap5ya/ejecutarb735.html]
[www.tutorialesprogramacionya.com/bootstrap5ya/imagentema/foto090.jpg]
[www.tutorialesprogramacionya.com/bootstrap5ya/imagentema/foto090b.jpg]
[www.tutorialesprogramacionya.com/bootstrap5ya/detalleconcepto9abf.html]
[www.tutorialesprogramacionya.com/bootstrap5ya/ejecutar6c7f.html]
[www.tutorialesprogramacionya.com/bootstrap5ya/imagentema/foto091.jpg]
[www.tutorialesprogramacionya.com/bootstrap5ya/imagentema/foto092.jpg]
[www.tutorialesprogramacionya.com/bootstrap5ya/detalleconcepto9f58.html]
[www.tutorialesprogramacionya.com/bootstrap5ya/ejecutarab67.html]
[www.tutorialesprogramacionya.com/bootstrap5ya/imagentema/foto093.jpg]
[www.tutorialesprogramacionya.com/bootstrap5ya/imagentema/foto094.jpg]
[www.tutorialesprogramacionya.com/bootstrap5ya/imagentema/foto095.jpg]
[www.tutorialesprogramacionya.com/bootstrap5ya/detalleconcepto5a88.html]
[www.tutorialesprogramacionya.com/bootstrap5ya/ejecutar6c71.html]
[www.tutorialesprogramacionya.com/bootstrap5ya/imagentema/foto096.jpg]
[www.tutorialesprogramacionya.com/bootstrap5ya/imagentema/foto097.jpg]
[www.tutorialesprogramacionya.com/bootstrap5ya/imagentema/foto098.jpg]
[www.tutorialesprogramacionya.com/bootstrap5ya/detalleconceptoc530.html]
[www.tutorialesprogramacionya.com/bootstrap5ya/ejecutar5b56.html]
[www.tutorialesprogramacionya.com/bootstrap5ya/imagentema/foto099.jpg]
[www.tutorialesprogramacionya.com/bootstrap5ya/detalleconceptob787.html]
[www.tutorialesprogramacionya.com/bootstrap5ya/ejecutarb373.html]
[www.tutorialesprogramacionya.com/bootstrap5ya/imagentema/foto100.jpg]
[www.tutorialesprogramacionya.com/bootstrap5ya/imagentema/foto101.jpg]
[www.tutorialesprogramacionya.com/bootstrap5ya/imagentema/foto102.jpg]
[www.tutorialesprogramacionya.com/bootstrap5ya/detalleconceptob084.html]
[www.tutorialesprogramacionya.com/bootstrap5ya/ejecutar3880.html]
[www.tutorialesprogramacionya.com/bootstrap5ya/imagentema/foto103.jpg]
[www.tutorialesprogramacionya.com/bootstrap5ya/imagentema/foto104.jpg]
[www.tutorialesprogramacionya.com/bootstrap5ya/imagentema/foto105.jpg]
[www.tutorialesprogramacionya.com/bootstrap5ya/imagentema/foto106.jpg]
[www.tutorialesprogramacionya.com/bootstrap5ya/imagentema/foto107.jpg]
[www.tutorialesprogramacionya.com/bootstrap5ya/detalleconceptoe288.html]
[www.tutorialesprogramacionya.com/bootstrap5ya/ejecutar05db.html]
[www.tutorialesprogramacionya.com/bootstrap5ya/imagentema/foto108.jpg]
[www.tutorialesprogramacionya.com/bootstrap5ya/imagentema/foto109.jpg]
[www.tutorialesprogramacionya.com/bootstrap5ya/imagentema/foto110.jpg]
[www.tutorialesprogramacionya.com/bootstrap5ya/imagentema/foto111.jpg]
[www.tutorialesprogramacionya.com/bootstrap5ya/imagentema/foto112.jpg]
[www.tutorialesprogramacionya.com/bootstrap5ya/imagentema/foto113.jpg]
[www.tutorialesprogramacionya.com/bootstrap5ya/imagentema/foto114.jpg]
[www.tutorialesprogramacionya.com/bootstrap5ya/imagentema/foto115.jpg]
[www.tutorialesprogramacionya.com/bootstrap5ya/imagentema/foto116.jpg]
[www.tutorialesprogramacionya.com/bootstrap5ya/imagentema/foto116b.jpg]
[www.tutorialesprogramacionya.com/bootstrap5ya/imagentema/foto116c.jpg]
[www.tutorialesprogramacionya.com/bootstrap5ya/detalleconceptodc81.html]
[www.tutorialesprogramacionya.com/bootstrap5ya/ejecutar80e0.html]
[www.tutorialesprogramacionya.com/bootstrap5ya/imagentema/foto117.jpg]
[www.tutorialesprogramacionya.com/bootstrap5ya/imagentema/foto118.jpg]
[www.tutorialesprogramacionya.com/bootstrap5ya/imagentema/foto119.jpg]
[www.tutorialesprogramacionya.com/bootstrap5ya/imagentema/foto119b.jpg]
[www.tutorialesprogramacionya.com/bootstrap5ya/detalleconceptoa9f9.html]
[www.tutorialesprogramacionya.com/bootstrap5ya/ejecutard80d.html]
[www.tutorialesprogramacionya.com/bootstrap5ya/imagentema/foto120.jpg]
[www.tutorialesprogramacionya.com/bootstrap5ya/imagentema/foto120b.jpg]
[www.tutorialesprogramacionya.com/bootstrap5ya/detalleconcepto10f0.html]
[www.tutorialesprogramacionya.com/bootstrap5ya/ejecutar39fb.html]
[www.tutorialesprogramacionya.com/bootstrap5ya/imagentema/foto121.jpg]
[www.tutorialesprogramacionya.com/bootstrap5ya/detalleconcepto22b8.html]
[www.tutorialesprogramacionya.com/bootstrap5ya/ejecutar1960.html]
[www.tutorialesprogramacionya.com/bootstrap5ya/imagentema/foto122.jpg]
[www.tutorialesprogramacionya.com/bootstrap5ya/imagentema/foto123.jpg]
[www.tutorialesprogramacionya.com/bootstrap5ya/imagentema/foto124.jpg]
[www.tutorialesprogramacionya.com/bootstrap5ya/imagentema/foto125.jpg]
[www.tutorialesprogramacionya.com/bootstrap5ya/detalleconcepto8910.html]
[www.tutorialesprogramacionya.com/bootstrap5ya/ejecutar8f8e.html]
[www.tutorialesprogramacionya.com/bootstrap5ya/imagentema/foto126.jpg]
[www.tutorialesprogramacionya.com/bootstrap5ya/imagentema/foto127.jpg]
[www.tutorialesprogramacionya.com/bootstrap5ya/imagentema/foto128.jpg]
[www.tutorialesprogramacionya.com/bootstrap5ya/detalleconcepto02e7.html]
[www.tutorialesprogramacionya.com/bootstrap5ya/ejecutar465b.html]
[www.tutorialesprogramacionya.com/bootstrap5ya/imagentema/foto129.jpg]
[www.tutorialesprogramacionya.com/bootstrap5ya/imagentema/foto130.jpg]
[www.tutorialesprogramacionya.com/bootstrap5ya/imagentema/foto131.jpg]
[www.tutorialesprogramacionya.com/bootstrap5ya/detalleconcepto6a7b.html]
[www.tutorialesprogramacionya.com/bootstrap5ya/ejecutare90c.html]
[www.tutorialesprogramacionya.com/bootstrap5ya/imagentema/foto132.jpg]
[www.tutorialesprogramacionya.com/bootstrap5ya/detalleconcepto4918.html]
[www.tutorialesprogramacionya.com/bootstrap5ya/ejecutar3cc1.html]
[www.tutorialesprogramacionya.com/bootstrap5ya/imagentema/foto133.jpg]
[www.tutorialesprogramacionya.com/bootstrap5ya/imagentema/foto134.jpg]
[www.tutorialesprogramacionya.com/bootstrap5ya/imagentema/foto135.jpg]
[www.tutorialesprogramacionya.com/bootstrap5ya/imagentema/foto136.jpg]
[www.tutorialesprogramacionya.com/bootstrap5ya/detalleconcepto8aa2.html]
[www.tutorialesprogramacionya.com/bootstrap5ya/ejecutar6e8d.html]
[www.tutorialesprogramacionya.com/bootstrap5ya/imagentema/foto137.jpg]
[www.tutorialesprogramacionya.com/bootstrap5ya/imagentema/foto138.jpg]
[www.tutorialesprogramacionya.com/bootstrap5ya/imagentema/foto139.jpg]
[www.tutorialesprogramacionya.com/bootstrap5ya/detalleconceptoe661.html]
[www.tutorialesprogramacionya.com/bootstrap5ya/ejecutara558.html]
[www.tutorialesprogramacionya.com/bootstrap5ya/imagentema/foto140.jpg]
[www.tutorialesprogramacionya.com/bootstrap5ya/imagentema/foto141b.jpg]
[www.tutorialesprogramacionya.com/bootstrap5ya/imagentema/foto141.jpg]
[www.tutorialesprogramacionya.com/bootstrap5ya/detalleconcepto0f1b.html]
[www.tutorialesprogramacionya.com/bootstrap5ya/ejecutar35ba.html]
[www.tutorialesprogramacionya.com/bootstrap5ya/imagentema/foto142.jpg]
[www.tutorialesprogramacionya.com/bootstrap5ya/detalleconceptoe117.html]
[www.tutorialesprogramacionya.com/bootstrap5ya/ejecutar31e9.html]
[www.tutorialesprogramacionya.com/bootstrap5ya/imagentema/foto142b.jpg]
[www.tutorialesprogramacionya.com/bootstrap5ya/detalleconcepto3e41.html]
[www.tutorialesprogramacionya.com/bootstrap5ya/ejecutar118b.html]
[www.tutorialesprogramacionya.com/bootstrap5ya/detalleconceptoc9d8.html]
[www.tutorialesprogramacionya.com/bootstrap5ya/ejecutar341c.html]
[ajax.googleapis.com/ajax/libs/jqueryui/1.8.16/themes/smoothness/images/ui-bg_flat_75_ffffff_40x100.png]
[ajax.googleapis.com/ajax/libs/jqueryui/1.8.16/themes/smoothness/images/ui-bg_highlight-soft_75_cccccc_1x100.png]
[ajax.googleapis.com/ajax/libs/jqueryui/1.8.16/themes/smoothness/images/ui-bg_glass_75_e6e6e6_1x400.png]
[ajax.googleapis.com/ajax/libs/jqueryui/1.8.16/themes/smoothness/images/ui-bg_glass_75_dadada_1x400.png]
[ajax.googleapis.com/ajax/libs/jqueryui/1.8.16/themes/smoothness/images/ui-bg_glass_65_ffffff_1x400.png]
[ajax.googleapis.com/ajax/libs/jqueryui/1.8.16/themes/smoothness/images/ui-bg_glass_55_fbf9ee_1x400.png]
[ajax.googleapis.com/ajax/libs/jqueryui/1.8.16/themes/smoothness/images/ui-bg_glass_95_fef1ec_1x400.png]
[ajax.googleapis.com/ajax/libs/jqueryui/1.8.16/themes/smoothness/images/ui-icons_222222_256x240.png]
[ajax.googleapis.com/ajax/libs/jqueryui/1.8.16/themes/smoothness/images/ui-icons_888888_256x240.png]
[ajax.googleapis.com/ajax/libs/jqueryui/1.8.16/themes/smoothness/images/ui-icons_454545_256x240.png]
[ajax.googleapis.com/ajax/libs/jqueryui/1.8.16/themes/smoothness/images/ui-icons_2e83ff_256x240.png]
[ajax.googleapis.com/ajax/libs/jqueryui/1.8.16/themes/smoothness/images/ui-icons_cd0a0a_256x240.png]
[ajax.googleapis.com/ajax/libs/jqueryui/1.8.16/themes/smoothness/images/ui-bg_flat_0_aaaaaa_40x100.png]
[ajax.googleapis.com/ajax/libs/jqueryui/1.8.16/themes/smoothness/jquery-ui.css]
[www.tutorialesprogramacionya.com/bootstrap5ya/css/bootstrap.min.css]
[www.tutorialesprogramacionya.com/bootstrap5ya/vacio.html]
[cdn.jsdelivr.net/npm/bootstrap@5.0.0/dist/css/bootstrap.min.css]
[www.tutorialesprogramacionya.com/bootstrap5ya/ejecutar9665.html]
[www.tutorialesprogramacionya.com/bootstrap5ya/ejecutar5017.html]
[www.tutorialesprogramacionya.com/bootstrap5ya/ejecutar5922.html]
[www.tutorialesprogramacionya.com/bootstrap5ya/ejecutar4c7f.html]
[www.tutorialesprogramacionya.com/bootstrap5ya/ejecutar35c2.html]
[www.tutorialesprogramacionya.com/bootstrap5ya/ejecutar43d7.html]
[www.tutorialesprogramacionya.com/bootstrap5ya/ejecutar24be.html]
[www.tutorialesprogramacionya.com/bootstrap5ya/ejecutarb847.html]
[www.tutorialesprogramacionya.com/bootstrap5ya/ejecutar49bd.html]
[www.tutorialesprogramacionya.com/bootstrap5ya/ejecutar2195.html]
[www.tutorialesprogramacionya.com/bootstrap5ya/ejecutar0370.html]
[www.tutorialesprogramacionya.com/bootstrap5ya/ejecutard773.html]
[www.tutorialesprogramacionya.com/bootstrap5ya/ejecutardc19.html]
[www.tutorialesprogramacionya.com/bootstrap5ya/ejecutard6a1.html]
[www.tutorialesprogramacionya.com/bootstrap5ya/ejecutar27b0.html]
[www.tutorialesprogramacionya.com/bootstrap5ya/ejecutarb30f.html]
[www.tutorialesprogramacionya.com/bootstrap5ya/ejecutar22eb.html]
[www.tutorialesprogramacionya.com/bootstrap5ya/ejecutar671f.html]
[www.tutorialesprogramacionya.com/bootstrap5ya/ejecutar3f7b.html]
[www.tutorialesprogramacionya.com/bootstrap5ya/ejecutard326.html]
[www.tutorialesprogramacionya.com/bootstrap5ya/ejecutare0ad.html]
[www.tutorialesprogramacionya.com/bootstrap5ya/ejecutar25f4.html]
[www.tutorialesprogramacionya.com/bootstrap5ya/ejecutar77c2.html]
[www.tutorialesprogramacionya.com/bootstrap5ya/ejecutarb776.html]
[www.tutorialesprogramacionya.com/bootstrap5ya/ejecutarfb7f.html]
[www.tutorialesprogramacionya.com/cssya/imagen1.png]
[www.tutorialesprogramacionya.com/cssya/foto1.jpg]
[www.tutorialesprogramacionya.com/bootstrap5ya/ejecutara663.html]
[www.tutorialesprogramacionya.com/bootstrap5ya/ejecutar72e6.html]
[www.tutorialesprogramacionya.com/bootstrap5ya/ejecutar251b.html]
[www.tutorialesprogramacionya.com/imagenes/cuadro1.jpg]
[www.tutorialesprogramacionya.com/imagenes/cuadro2.jpg]
[www.tutorialesprogramacionya.com/bootstrap5ya/ejecutareeea.html]
[www.tutorialesprogramacionya.com/bootstrap5ya/ejecutar94e8.html]
[www.tutorialesprogramacionya.com/bootstrap5ya/ejecutar2309.html]
[www.tutorialesprogramacionya.com/bootstrap5ya/ejecutar823b.html]
[www.tutorialesprogramacionya.com/bootstrap5ya/ejecutar4713.html]
[www.tutorialesprogramacionya.com/bootstrap5ya/ejecutardb38.html]
[www.tutorialesprogramacionya.com/bootstrap5ya/ejecutarb735.html]
[www.tutorialesprogramacionya.com/bootstrap5ya/ejecutar6c7f.html]
[www.tutorialesprogramacionya.com/bootstrap5ya/ejecutarab67.html]
[www.tutorialesprogramacionya.com/bootstrap5ya/ejecutar6c71.html]
[www.tutorialesprogramacionya.com/imagenes/foto1.jpg]
[www.tutorialesprogramacionya.com/bootstrap5ya/ejecutar5b56.html]
[www.tutorialesprogramacionya.com/imagenes/cuadro3.jpg]
[www.tutorialesprogramacionya.com/bootstrap5ya/ejecutarb373.html]
[www.tutorialesprogramacionya.com/bootstrap5ya/ejecutar3880.html]
[www.tutorialesprogramacionya.com/bootstrap5ya/ejecutar05db.html]
[www.tutorialesprogramacionya.com/bootstrap5ya/ejecutar80e0.html]
[www.tutorialesprogramacionya.com/bootstrap5ya/ejecutard80d.html]
[www.tutorialesprogramacionya.com/bootstrap5ya/ejecutar39fb.html]
[www.tutorialesprogramacionya.com/bootstrap5ya/ejecutar1960.html]
[www.tutorialesprogramacionya.com/bootstrap5ya/ejecutar8f8e.html]
[www.tutorialesprogramacionya.com/bootstrap5ya/ejecutar465b.html]
[www.tutorialesprogramacionya.com/bootstrap5ya/ejecutare90c.html]
[www.tutorialesprogramacionya.com/bootstrap5ya/ejecutar3cc1.html]
[www.tutorialesprogramacionya.com/bootstrap5ya/ejecutar6e8d.html]
[www.tutorialesprogramacionya.com/bootstrap5ya/ejecutara558.html]
[www.tutorialesprogramacionya.com/bootstrap5ya/ejecutar35ba.html]
[www.tutorialesprogramacionya.com/bootstrap5ya/ejecutar31e9.html]
[www.tutorialesprogramacionya.com/bootstrap5ya/ejecutar118b.html]
[www.tutorialesprogramacionya.com/bootstrap5ya/ejecutar341c.html]
